// Jest Snapshot v1, https://goo.gl/fbAQLP

exports[`renders a snapshot 1`] = `
<div
  className="App"
>
  <div
    className="card"
    style={
      Object {
        "backgroundColor": "#5A5A5A",
        "border": "1px solid black",
        "borderRadius": "10px",
        "color": "white",
        "margin": "auto",
        "marginTop": "300px",
        "padding": "1rem",
        "scale": "2",
        "width": "200px",
      }
    }
  >
    <img
      className="card-img"
      src="https://placekitten.com/50/50"
      style={
        Object {
          "borderRadius": "50%",
        }
      }
    />
    <div
      className="card-header"
    >
      Connor Witmer
    </div>
    <div
      className="card-body"
      style={
        Object {
          "fontSize": ".65em",
        }
      }
    >
      Lorem ipsum dolor, sit amet consectetur adipisicing elit. Assumenda unde quidem aperiam voluptatem nemo consectetur quibusdam quo magni ducimus iusto, vel soluta maiores amet! Eius!
    </div>
  </div>
</div>
`;
